[2025-05-09T12:38:10.073-0300][0.004s] Using G1
[2025-05-09T12:38:10.120-0300][0.052s] Version: 17.0.13+11 (release)
[2025-05-09T12:38:10.120-0300][0.052s] CPUs: 24 total, 24 available
[2025-05-09T12:38:10.120-0300][0.052s] Memory: 64186M
[2025-05-09T12:38:10.120-0300][0.052s] Large Page Support: Disabled
[2025-05-09T12:38:10.120-0300][0.052s] NUMA Support: Disabled
[2025-05-09T12:38:10.120-0300][0.052s] Compressed Oops: Enabled (32-bit)
[2025-05-09T12:38:10.120-0300][0.052s] Heap Region Size: 1M
[2025-05-09T12:38:10.120-0300][0.052s] Heap Min Capacity: 512M
[2025-05-09T12:38:10.120-0300][0.052s] Heap Initial Capacity: 512M
[2025-05-09T12:38:10.120-0300][0.052s] Heap Max Capacity: 512M
[2025-05-09T12:38:10.120-0300][0.052s] Pre-touch: Enabled
[2025-05-09T12:38:10.120-0300][0.052s] Parallel Workers: 18
[2025-05-09T12:38:10.120-0300][0.052s] Concurrent Workers: 5
[2025-05-09T12:38:10.120-0300][0.052s] Concurrent Refinement Workers: 18
[2025-05-09T12:38:10.120-0300][0.052s] Periodic GC: Disabled
[2025-05-09T12:38:10.126-0300][0.058s] CDS archive(s) mapped at: [0x00007f62db000000-0x00007f62dbbc9000-0x00007f62dbbc9000), size 12357632, SharedBaseAddress: 0x00007f62db000000, ArchiveRelocationMode: 1.
[2025-05-09T12:38:10.126-0300][0.058s] Compressed class space mapped at: 0x00007f62dc000000-0x00007f631c000000, reserved size: 1073741824
[2025-05-09T12:38:10.126-0300][0.058s] Narrow klass base: 0x00007f62db000000, Narrow klass shift: 0, Narrow klass range: 0x100000000
[2025-05-09T12:38:10.298-0300][0.230s] GC(0) Pause Young (Normal) (G1 Evacuation Pause)
[2025-05-09T12:38:10.298-0300][0.230s] GC(0) Using 12 workers of 18 for evacuation
[2025-05-09T12:38:10.299-0300][0.231s] GC(0)   Pre Evacuate Collection Set: 0.1ms
[2025-05-09T12:38:10.299-0300][0.231s] GC(0)   Merge Heap Roots: 0.0ms
[2025-05-09T12:38:10.299-0300][0.231s] GC(0)   Evacuate Collection Set: 0.6ms
[2025-05-09T12:38:10.299-0300][0.231s] GC(0)   Post Evacuate Collection Set: 0.2ms
[2025-05-09T12:38:10.299-0300][0.231s] GC(0)   Other: 0.1ms
[2025-05-09T12:38:10.299-0300][0.231s] GC(0) Eden regions: 29->0(70)
[2025-05-09T12:38:10.299-0300][0.231s] GC(0) Survivor regions: 0->4(4)
[2025-05-09T12:38:10.299-0300][0.231s] GC(0) Old regions: 0->2
[2025-05-09T12:38:10.299-0300][0.231s] GC(0) Archive regions: 2->2
[2025-05-09T12:38:10.299-0300][0.231s] GC(0) Humongous regions: 0->0
[2025-05-09T12:38:10.299-0300][0.231s] GC(0) Metaspace: 2881K(3072K)->2881K(3072K) NonClass: 2610K(2688K)->2610K(2688K) Class: 271K(384K)->271K(384K)
[2025-05-09T12:38:10.299-0300][0.231s] GC(0) Pause Young (Normal) (G1 Evacuation Pause) 29M->6M(512M) 1.119ms
[2025-05-09T12:38:10.299-0300][0.231s] GC(0) User=0.01s Sys=0.01s Real=0.00s
[2025-05-09T12:38:10.806-0300][0.738s] GC(1) Pause Young (Normal) (G1 Evacuation Pause)
[2025-05-09T12:38:10.806-0300][0.738s] GC(1) Using 18 workers of 18 for evacuation
[2025-05-09T12:38:10.809-0300][0.741s] GC(1)   Pre Evacuate Collection Set: 0.1ms
[2025-05-09T12:38:10.809-0300][0.741s] GC(1)   Merge Heap Roots: 0.0ms
[2025-05-09T12:38:10.809-0300][0.741s] GC(1)   Evacuate Collection Set: 2.8ms
[2025-05-09T12:38:10.809-0300][0.741s] GC(1)   Post Evacuate Collection Set: 0.3ms
[2025-05-09T12:38:10.809-0300][0.741s] GC(1)   Other: 0.1ms
[2025-05-09T12:38:10.809-0300][0.741s] GC(1) Eden regions: 70->0(176)
[2025-05-09T12:38:10.809-0300][0.741s] GC(1) Survivor regions: 4->10(10)
[2025-05-09T12:38:10.809-0300][0.741s] GC(1) Old regions: 2->8
[2025-05-09T12:38:10.809-0300][0.741s] GC(1) Archive regions: 2->2
[2025-05-09T12:38:10.809-0300][0.741s] GC(1) Humongous regions: 4->4
[2025-05-09T12:38:10.809-0300][0.741s] GC(1) Metaspace: 18858K(19072K)->18858K(19072K) NonClass: 16658K(16768K)->16658K(16768K) Class: 2199K(2304K)->2199K(2304K)
[2025-05-09T12:38:10.809-0300][0.741s] GC(1) Pause Young (Normal) (G1 Evacuation Pause) 80M->22M(512M) 3.390ms
[2025-05-09T12:38:10.809-0300][0.741s] GC(1) User=0.05s Sys=0.00s Real=0.00s
[2025-05-09T12:38:10.915-0300][0.847s] GC(2) Pause Young (Concurrent Start) (Metadata GC Threshold)
[2025-05-09T12:38:10.915-0300][0.847s] GC(2) Using 18 workers of 18 for evacuation
[2025-05-09T12:38:10.917-0300][0.849s] GC(2)   Pre Evacuate Collection Set: 0.1ms
[2025-05-09T12:38:10.917-0300][0.849s] GC(2)   Merge Heap Roots: 0.1ms
[2025-05-09T12:38:10.917-0300][0.849s] GC(2)   Evacuate Collection Set: 1.8ms
[2025-05-09T12:38:10.917-0300][0.849s] GC(2)   Post Evacuate Collection Set: 0.4ms
[2025-05-09T12:38:10.917-0300][0.849s] GC(2)   Other: 0.2ms
[2025-05-09T12:38:10.917-0300][0.849s] GC(2) Eden regions: 17->0(260)
[2025-05-09T12:38:10.917-0300][0.849s] GC(2) Survivor regions: 10->11(24)
[2025-05-09T12:38:10.917-0300][0.849s] GC(2) Old regions: 8->8
[2025-05-09T12:38:10.917-0300][0.849s] GC(2) Archive regions: 2->2
[2025-05-09T12:38:10.917-0300][0.849s] GC(2) Humongous regions: 4->4
[2025-05-09T12:38:10.917-0300][0.849s] GC(2) Metaspace: 21216K(21504K)->21216K(21504K) NonClass: 18737K(18880K)->18737K(18880K) Class: 2478K(2624K)->2478K(2624K)
[2025-05-09T12:38:10.917-0300][0.849s] GC(2) Pause Young (Concurrent Start) (Metadata GC Threshold) 38M->23M(512M) 2.659ms
[2025-05-09T12:38:10.917-0300][0.849s] GC(2) User=0.03s Sys=0.00s Real=0.00s
[2025-05-09T12:38:10.917-0300][0.849s] GC(3) Concurrent Mark Cycle
[2025-05-09T12:38:10.917-0300][0.849s] GC(3) Concurrent Clear Claimed Marks
[2025-05-09T12:38:10.917-0300][0.849s] GC(3) Concurrent Clear Claimed Marks 0.022ms
[2025-05-09T12:38:10.917-0300][0.849s] GC(3) Concurrent Scan Root Regions
[2025-05-09T12:38:10.918-0300][0.850s] GC(3) Concurrent Scan Root Regions 1.051ms
[2025-05-09T12:38:10.918-0300][0.850s] GC(3) Concurrent Mark
[2025-05-09T12:38:10.918-0300][0.850s] GC(3) Concurrent Mark From Roots
[2025-05-09T12:38:10.918-0300][0.850s] GC(3) Using 5 workers of 5 for marking
[2025-05-09T12:38:10.920-0300][0.852s] GC(3) Concurrent Mark From Roots 1.906ms
[2025-05-09T12:38:10.920-0300][0.852s] GC(3) Concurrent Preclean
[2025-05-09T12:38:10.920-0300][0.852s] GC(3) Concurrent Preclean 0.082ms
[2025-05-09T12:38:10.921-0300][0.852s] GC(3) Pause Remark
[2025-05-09T12:38:10.922-0300][0.854s] GC(3) Pause Remark 23M->23M(512M) 1.053ms
[2025-05-09T12:38:10.922-0300][0.854s] GC(3) User=0.01s Sys=0.00s Real=0.00s
[2025-05-09T12:38:10.922-0300][0.854s] GC(3) Concurrent Mark 3.206ms
[2025-05-09T12:38:10.922-0300][0.854s] GC(3) Concurrent Rebuild Remembered Sets
[2025-05-09T12:38:10.923-0300][0.855s] GC(3) Concurrent Rebuild Remembered Sets 1.101ms
[2025-05-09T12:38:10.923-0300][0.855s] GC(3) Pause Cleanup
[2025-05-09T12:38:10.923-0300][0.855s] GC(3) Pause Cleanup 24M->24M(512M) 0.086ms
[2025-05-09T12:38:10.923-0300][0.855s] GC(3) User=0.00s Sys=0.00s Real=0.00s
[2025-05-09T12:38:10.923-0300][0.855s] GC(3) Concurrent Cleanup for Next Mark
[2025-05-09T12:38:10.923-0300][0.855s] GC(3) Concurrent Cleanup for Next Mark 0.405ms
[2025-05-09T12:38:10.923-0300][0.855s] GC(3) Concurrent Mark Cycle 6.139ms
[2025-05-09T12:38:11.521-0300][1.453s] GC(4) Pause Young (Concurrent Start) (Metadata GC Threshold)
[2025-05-09T12:38:11.521-0300][1.453s] GC(4) Using 18 workers of 18 for evacuation
[2025-05-09T12:38:11.525-0300][1.457s] GC(4)   Pre Evacuate Collection Set: 0.1ms
[2025-05-09T12:38:11.525-0300][1.457s] GC(4)   Merge Heap Roots: 0.1ms
[2025-05-09T12:38:11.525-0300][1.457s] GC(4)   Evacuate Collection Set: 2.8ms
[2025-05-09T12:38:11.525-0300][1.457s] GC(4)   Post Evacuate Collection Set: 0.4ms
[2025-05-09T12:38:11.525-0300][1.457s] GC(4)   Other: 0.1ms
[2025-05-09T12:38:11.525-0300][1.457s] GC(4) Eden regions: 82->0(291)
[2025-05-09T12:38:11.525-0300][1.457s] GC(4) Survivor regions: 11->16(33)
[2025-05-09T12:38:11.525-0300][1.457s] GC(4) Old regions: 8->8
[2025-05-09T12:38:11.525-0300][1.457s] GC(4) Archive regions: 2->2
[2025-05-09T12:38:11.525-0300][1.457s] GC(4) Humongous regions: 4->4
[2025-05-09T12:38:11.525-0300][1.457s] GC(4) Metaspace: 35754K(36096K)->35754K(36096K) NonClass: 31415K(31552K)->31415K(31552K) Class: 4338K(4544K)->4338K(4544K)
[2025-05-09T12:38:11.525-0300][1.457s] GC(4) Pause Young (Concurrent Start) (Metadata GC Threshold) 104M->27M(512M) 3.478ms
[2025-05-09T12:38:11.525-0300][1.457s] GC(4) User=0.05s Sys=0.00s Real=0.01s
[2025-05-09T12:38:11.525-0300][1.457s] GC(5) Concurrent Mark Cycle
[2025-05-09T12:38:11.525-0300][1.457s] GC(5) Concurrent Clear Claimed Marks
[2025-05-09T12:38:11.525-0300][1.457s] GC(5) Concurrent Clear Claimed Marks 0.058ms
[2025-05-09T12:38:11.525-0300][1.457s] GC(5) Concurrent Scan Root Regions
[2025-05-09T12:38:11.526-0300][1.458s] GC(5) Concurrent Scan Root Regions 1.114ms
[2025-05-09T12:38:11.526-0300][1.458s] GC(5) Concurrent Mark
[2025-05-09T12:38:11.526-0300][1.458s] GC(5) Concurrent Mark From Roots
[2025-05-09T12:38:11.526-0300][1.458s] GC(5) Using 5 workers of 5 for marking
[2025-05-09T12:38:11.528-0300][1.460s] GC(5) Concurrent Mark From Roots 1.899ms
[2025-05-09T12:38:11.528-0300][1.460s] GC(5) Concurrent Preclean
[2025-05-09T12:38:11.528-0300][1.460s] GC(5) Concurrent Preclean 0.104ms
[2025-05-09T12:38:11.528-0300][1.460s] GC(5) Pause Remark
[2025-05-09T12:38:11.529-0300][1.461s] GC(5) Pause Remark 30M->30M(512M) 0.887ms
[2025-05-09T12:38:11.529-0300][1.461s] GC(5) User=0.01s Sys=0.00s Real=0.00s
[2025-05-09T12:38:11.529-0300][1.461s] GC(5) Concurrent Mark 3.043ms
[2025-05-09T12:38:11.529-0300][1.461s] GC(5) Concurrent Rebuild Remembered Sets
[2025-05-09T12:38:11.531-0300][1.462s] GC(5) Concurrent Rebuild Remembered Sets 1.269ms
[2025-05-09T12:38:11.531-0300][1.463s] GC(5) Pause Cleanup
[2025-05-09T12:38:11.531-0300][1.463s] GC(5) Pause Cleanup 30M->30M(512M) 0.064ms
[2025-05-09T12:38:11.531-0300][1.463s] GC(5) User=0.00s Sys=0.00s Real=0.00s
[2025-05-09T12:38:11.531-0300][1.463s] GC(5) Concurrent Cleanup for Next Mark
[2025-05-09T12:38:11.531-0300][1.463s] GC(5) Concurrent Cleanup for Next Mark 0.386ms
[2025-05-09T12:38:11.531-0300][1.463s] GC(5) Concurrent Mark Cycle 6.161ms
[2025-05-09T12:46:04.822-0300][474.754s] Heap
[2025-05-09T12:46:04.822-0300][474.754s]  garbage-first heap   total 524288K, used 303956K [0x00000000e0000000, 0x0000000100000000)
[2025-05-09T12:46:04.822-0300][474.754s]   region size 1024K, 283 young (289792K), 16 survivors (16384K)
[2025-05-09T12:46:04.822-0300][474.754s]  Metaspace       used 57371K, committed 57984K, reserved 1114112K
[2025-05-09T12:46:04.822-0300][474.754s]   class space    used 7203K, committed 7488K, reserved 1048576K
