[2025-05-09T12:31:56.183-0300][0.004s] Using G1
[2025-05-09T12:31:56.231-0300][0.052s] Version: 17.0.13+11 (release)
[2025-05-09T12:31:56.231-0300][0.052s] CPUs: 24 total, 24 available
[2025-05-09T12:31:56.231-0300][0.052s] Memory: 64186M
[2025-05-09T12:31:56.231-0300][0.052s] Large Page Support: Disabled
[2025-05-09T12:31:56.231-0300][0.052s] NUMA Support: Disabled
[2025-05-09T12:31:56.231-0300][0.052s] Compressed Oops: Enabled (32-bit)
[2025-05-09T12:31:56.231-0300][0.052s] Heap Region Size: 1M
[2025-05-09T12:31:56.231-0300][0.052s] Heap Min Capacity: 512M
[2025-05-09T12:31:56.231-0300][0.052s] Heap Initial Capacity: 512M
[2025-05-09T12:31:56.231-0300][0.052s] Heap Max Capacity: 512M
[2025-05-09T12:31:56.231-0300][0.052s] Pre-touch: Enabled
[2025-05-09T12:31:56.231-0300][0.052s] Parallel Workers: 18
[2025-05-09T12:31:56.231-0300][0.052s] Concurrent Workers: 5
[2025-05-09T12:31:56.231-0300][0.052s] Concurrent Refinement Workers: 18
[2025-05-09T12:31:56.231-0300][0.052s] Periodic GC: Disabled
[2025-05-09T12:31:56.237-0300][0.058s] CDS archive(s) mapped at: [0x00007fd033000000-0x00007fd033bc9000-0x00007fd033bc9000), size 12357632, SharedBaseAddress: 0x00007fd033000000, ArchiveRelocationMode: 1.
[2025-05-09T12:31:56.237-0300][0.058s] Compressed class space mapped at: 0x00007fd034000000-0x00007fd074000000, reserved size: 1073741824
[2025-05-09T12:31:56.237-0300][0.058s] Narrow klass base: 0x00007fd033000000, Narrow klass shift: 0, Narrow klass range: 0x100000000
[2025-05-09T12:31:56.411-0300][0.232s] GC(0) Pause Young (Normal) (G1 Evacuation Pause)
[2025-05-09T12:31:56.411-0300][0.232s] GC(0) Using 12 workers of 18 for evacuation
[2025-05-09T12:31:56.412-0300][0.233s] GC(0)   Pre Evacuate Collection Set: 0.1ms
[2025-05-09T12:31:56.412-0300][0.233s] GC(0)   Merge Heap Roots: 0.0ms
[2025-05-09T12:31:56.412-0300][0.233s] GC(0)   Evacuate Collection Set: 0.6ms
[2025-05-09T12:31:56.412-0300][0.233s] GC(0)   Post Evacuate Collection Set: 0.2ms
[2025-05-09T12:31:56.412-0300][0.233s] GC(0)   Other: 0.1ms
[2025-05-09T12:31:56.412-0300][0.233s] GC(0) Eden regions: 29->0(70)
[2025-05-09T12:31:56.412-0300][0.233s] GC(0) Survivor regions: 0->4(4)
[2025-05-09T12:31:56.412-0300][0.233s] GC(0) Old regions: 0->2
[2025-05-09T12:31:56.412-0300][0.233s] GC(0) Archive regions: 2->2
[2025-05-09T12:31:56.412-0300][0.233s] GC(0) Humongous regions: 0->0
[2025-05-09T12:31:56.412-0300][0.233s] GC(0) Metaspace: 2880K(3072K)->2880K(3072K) NonClass: 2609K(2688K)->2609K(2688K) Class: 271K(384K)->271K(384K)
[2025-05-09T12:31:56.412-0300][0.233s] GC(0) Pause Young (Normal) (G1 Evacuation Pause) 29M->6M(512M) 1.040ms
[2025-05-09T12:31:56.412-0300][0.233s] GC(0) User=0.01s Sys=0.00s Real=0.00s
[2025-05-09T12:31:56.932-0300][0.753s] GC(1) Pause Young (Normal) (G1 Evacuation Pause)
[2025-05-09T12:31:56.932-0300][0.753s] GC(1) Using 18 workers of 18 for evacuation
[2025-05-09T12:31:56.935-0300][0.757s] GC(1)   Pre Evacuate Collection Set: 0.1ms
[2025-05-09T12:31:56.936-0300][0.757s] GC(1)   Merge Heap Roots: 0.0ms
[2025-05-09T12:31:56.936-0300][0.757s] GC(1)   Evacuate Collection Set: 2.9ms
[2025-05-09T12:31:56.936-0300][0.757s] GC(1)   Post Evacuate Collection Set: 0.3ms
[2025-05-09T12:31:56.936-0300][0.757s] GC(1)   Other: 0.1ms
[2025-05-09T12:31:56.936-0300][0.757s] GC(1) Eden regions: 70->0(173)
[2025-05-09T12:31:56.936-0300][0.757s] GC(1) Survivor regions: 4->10(10)
[2025-05-09T12:31:56.936-0300][0.757s] GC(1) Old regions: 2->8
[2025-05-09T12:31:56.936-0300][0.757s] GC(1) Archive regions: 2->2
[2025-05-09T12:31:56.936-0300][0.757s] GC(1) Humongous regions: 4->4
[2025-05-09T12:31:56.936-0300][0.757s] GC(1) Metaspace: 18856K(19072K)->18856K(19072K) NonClass: 16657K(16768K)->16657K(16768K) Class: 2199K(2304K)->2199K(2304K)
[2025-05-09T12:31:56.936-0300][0.757s] GC(1) Pause Young (Normal) (G1 Evacuation Pause) 80M->22M(512M) 3.488ms
[2025-05-09T12:31:56.936-0300][0.757s] GC(1) User=0.05s Sys=0.00s Real=0.00s
[2025-05-09T12:31:57.027-0300][0.848s] GC(2) Pause Young (Concurrent Start) (Metadata GC Threshold)
[2025-05-09T12:31:57.027-0300][0.848s] GC(2) Using 18 workers of 18 for evacuation
[2025-05-09T12:31:57.029-0300][0.850s] GC(2)   Pre Evacuate Collection Set: 0.1ms
[2025-05-09T12:31:57.029-0300][0.850s] GC(2)   Merge Heap Roots: 0.1ms
[2025-05-09T12:31:57.029-0300][0.850s] GC(2)   Evacuate Collection Set: 1.6ms
[2025-05-09T12:31:57.029-0300][0.850s] GC(2)   Post Evacuate Collection Set: 0.3ms
[2025-05-09T12:31:57.029-0300][0.850s] GC(2)   Other: 0.2ms
[2025-05-09T12:31:57.029-0300][0.850s] GC(2) Eden regions: 16->0(282)
[2025-05-09T12:31:57.029-0300][0.850s] GC(2) Survivor regions: 10->12(23)
[2025-05-09T12:31:57.029-0300][0.850s] GC(2) Old regions: 8->8
[2025-05-09T12:31:57.029-0300][0.850s] GC(2) Archive regions: 2->2
[2025-05-09T12:31:57.029-0300][0.850s] GC(2) Humongous regions: 4->4
[2025-05-09T12:31:57.029-0300][0.850s] GC(2) Metaspace: 21216K(21504K)->21216K(21504K) NonClass: 18737K(18880K)->18737K(18880K) Class: 2478K(2624K)->2478K(2624K)
[2025-05-09T12:31:57.029-0300][0.850s] GC(2) Pause Young (Concurrent Start) (Metadata GC Threshold) 38M->23M(512M) 2.286ms
[2025-05-09T12:31:57.029-0300][0.850s] GC(2) User=0.03s Sys=0.01s Real=0.00s
[2025-05-09T12:31:57.029-0300][0.850s] GC(3) Concurrent Mark Cycle
[2025-05-09T12:31:57.029-0300][0.850s] GC(3) Concurrent Clear Claimed Marks
[2025-05-09T12:31:57.029-0300][0.850s] GC(3) Concurrent Clear Claimed Marks 0.023ms
[2025-05-09T12:31:57.029-0300][0.850s] GC(3) Concurrent Scan Root Regions
[2025-05-09T12:31:57.030-0300][0.851s] GC(3) Concurrent Scan Root Regions 1.056ms
[2025-05-09T12:31:57.030-0300][0.851s] GC(3) Concurrent Mark
[2025-05-09T12:31:57.030-0300][0.851s] GC(3) Concurrent Mark From Roots
[2025-05-09T12:31:57.030-0300][0.851s] GC(3) Using 5 workers of 5 for marking
[2025-05-09T12:31:57.032-0300][0.853s] GC(3) Concurrent Mark From Roots 2.004ms
[2025-05-09T12:31:57.032-0300][0.853s] GC(3) Concurrent Preclean
[2025-05-09T12:31:57.032-0300][0.853s] GC(3) Concurrent Preclean 0.102ms
[2025-05-09T12:31:57.032-0300][0.853s] GC(3) Pause Remark
[2025-05-09T12:31:57.033-0300][0.854s] GC(3) Pause Remark 24M->24M(512M) 0.903ms
[2025-05-09T12:31:57.033-0300][0.854s] GC(3) User=0.00s Sys=0.01s Real=0.00s
[2025-05-09T12:31:57.033-0300][0.854s] GC(3) Concurrent Mark 3.149ms
[2025-05-09T12:31:57.033-0300][0.854s] GC(3) Concurrent Rebuild Remembered Sets
[2025-05-09T12:31:57.034-0300][0.855s] GC(3) Concurrent Rebuild Remembered Sets 1.057ms
[2025-05-09T12:31:57.034-0300][0.855s] GC(3) Pause Cleanup
[2025-05-09T12:31:57.034-0300][0.856s] GC(3) Pause Cleanup 24M->24M(512M) 0.070ms
[2025-05-09T12:31:57.034-0300][0.856s] GC(3) User=0.00s Sys=0.00s Real=0.00s
[2025-05-09T12:31:57.035-0300][0.856s] GC(3) Concurrent Cleanup for Next Mark
[2025-05-09T12:31:57.035-0300][0.856s] GC(3) Concurrent Cleanup for Next Mark 0.306ms
[2025-05-09T12:31:57.035-0300][0.856s] GC(3) Concurrent Mark Cycle 5.786ms
[2025-05-09T12:31:57.577-0300][1.398s] GC(4) Pause Young (Concurrent Start) (Metadata GC Threshold)
[2025-05-09T12:31:57.577-0300][1.398s] GC(4) Using 18 workers of 18 for evacuation
[2025-05-09T12:31:57.580-0300][1.402s] GC(4)   Pre Evacuate Collection Set: 0.1ms
[2025-05-09T12:31:57.580-0300][1.402s] GC(4)   Merge Heap Roots: 0.1ms
[2025-05-09T12:31:57.580-0300][1.402s] GC(4)   Evacuate Collection Set: 2.7ms
[2025-05-09T12:31:57.580-0300][1.402s] GC(4)   Post Evacuate Collection Set: 0.5ms
[2025-05-09T12:31:57.580-0300][1.402s] GC(4)   Other: 0.2ms
[2025-05-09T12:31:57.580-0300][1.402s] GC(4) Eden regions: 91->0(291)
[2025-05-09T12:31:57.580-0300][1.402s] GC(4) Survivor regions: 12->16(36)
[2025-05-09T12:31:57.580-0300][1.402s] GC(4) Old regions: 8->8
[2025-05-09T12:31:57.580-0300][1.402s] GC(4) Archive regions: 2->2
[2025-05-09T12:31:57.580-0300][1.402s] GC(4) Humongous regions: 4->4
[2025-05-09T12:31:57.581-0300][1.402s] GC(4) Metaspace: 35755K(36096K)->35755K(36096K) NonClass: 31416K(31552K)->31416K(31552K) Class: 4338K(4544K)->4338K(4544K)
[2025-05-09T12:31:57.581-0300][1.402s] GC(4) Pause Young (Concurrent Start) (Metadata GC Threshold) 114M->27M(512M) 3.522ms
[2025-05-09T12:31:57.581-0300][1.402s] GC(4) User=0.05s Sys=0.00s Real=0.00s
[2025-05-09T12:31:57.581-0300][1.402s] GC(5) Concurrent Mark Cycle
[2025-05-09T12:31:57.581-0300][1.402s] GC(5) Concurrent Clear Claimed Marks
[2025-05-09T12:31:57.581-0300][1.402s] GC(5) Concurrent Clear Claimed Marks 0.034ms
[2025-05-09T12:31:57.581-0300][1.402s] GC(5) Concurrent Scan Root Regions
[2025-05-09T12:31:57.582-0300][1.403s] GC(5) Concurrent Scan Root Regions 1.237ms
[2025-05-09T12:31:57.582-0300][1.403s] GC(5) Concurrent Mark
[2025-05-09T12:31:57.582-0300][1.403s] GC(5) Concurrent Mark From Roots
[2025-05-09T12:31:57.582-0300][1.403s] GC(5) Using 5 workers of 5 for marking
[2025-05-09T12:31:57.584-0300][1.405s] GC(5) Concurrent Mark From Roots 1.946ms
[2025-05-09T12:31:57.584-0300][1.405s] GC(5) Concurrent Preclean
[2025-05-09T12:31:57.584-0300][1.405s] GC(5) Concurrent Preclean 0.116ms
[2025-05-09T12:31:57.584-0300][1.405s] GC(5) Pause Remark
[2025-05-09T12:31:57.585-0300][1.406s] GC(5) Pause Remark 30M->30M(512M) 0.855ms
[2025-05-09T12:31:57.585-0300][1.406s] GC(5) User=0.01s Sys=0.01s Real=0.00s
[2025-05-09T12:31:57.585-0300][1.406s] GC(5) Concurrent Mark 3.017ms
[2025-05-09T12:31:57.585-0300][1.406s] GC(5) Concurrent Rebuild Remembered Sets
[2025-05-09T12:31:57.586-0300][1.407s] GC(5) Concurrent Rebuild Remembered Sets 1.110ms
[2025-05-09T12:31:57.586-0300][1.407s] GC(5) Pause Cleanup
[2025-05-09T12:31:57.586-0300][1.407s] GC(5) Pause Cleanup 30M->30M(512M) 0.059ms
[2025-05-09T12:31:57.586-0300][1.407s] GC(5) User=0.00s Sys=0.00s Real=0.00s
[2025-05-09T12:31:57.586-0300][1.407s] GC(5) Concurrent Cleanup for Next Mark
[2025-05-09T12:31:57.586-0300][1.408s] GC(5) Concurrent Cleanup for Next Mark 0.329ms
[2025-05-09T12:31:57.586-0300][1.408s] GC(5) Concurrent Mark Cycle 5.930ms
[2025-05-09T12:38:07.588-0300][371.409s] GC(6) Pause Young (Concurrent Start) (Metadata GC Threshold)
[2025-05-09T12:38:07.588-0300][371.409s] GC(6) Using 18 workers of 18 for evacuation
[2025-05-09T12:38:07.597-0300][371.418s] GC(6)   Pre Evacuate Collection Set: 0.1ms
[2025-05-09T12:38:07.597-0300][371.419s] GC(6)   Merge Heap Roots: 0.1ms
[2025-05-09T12:38:07.597-0300][371.419s] GC(6)   Evacuate Collection Set: 8.1ms
[2025-05-09T12:38:07.597-0300][371.419s] GC(6)   Post Evacuate Collection Set: 1.1ms
[2025-05-09T12:38:07.597-0300][371.419s] GC(6)   Other: 0.2ms
[2025-05-09T12:38:07.597-0300][371.419s] GC(6) Eden regions: 256->0(223)
[2025-05-09T12:38:07.597-0300][371.419s] GC(6) Survivor regions: 16->39(39)
[2025-05-09T12:38:07.597-0300][371.419s] GC(6) Old regions: 8->18
[2025-05-09T12:38:07.597-0300][371.419s] GC(6) Archive regions: 2->2
[2025-05-09T12:38:07.597-0300][371.419s] GC(6) Humongous regions: 6->6
[2025-05-09T12:38:07.597-0300][371.419s] GC(6) Metaspace: 59686K(60288K)->59686K(60288K) NonClass: 52161K(52480K)->52161K(52480K) Class: 7525K(7808K)->7525K(7808K)
[2025-05-09T12:38:07.597-0300][371.419s] GC(6) Pause Young (Concurrent Start) (Metadata GC Threshold) 285M->63M(512M) 9.591ms
[2025-05-09T12:38:07.598-0300][371.419s] GC(6) User=0.14s Sys=0.01s Real=0.01s
[2025-05-09T12:38:07.598-0300][371.419s] GC(7) Concurrent Mark Cycle
[2025-05-09T12:38:07.598-0300][371.419s] GC(7) Concurrent Clear Claimed Marks
[2025-05-09T12:38:07.598-0300][371.419s] GC(7) Concurrent Clear Claimed Marks 0.032ms
[2025-05-09T12:38:07.598-0300][371.419s] GC(7) Concurrent Scan Root Regions
[2025-05-09T12:38:07.601-0300][371.422s] GC(7) Concurrent Scan Root Regions 3.194ms
[2025-05-09T12:38:07.601-0300][371.422s] GC(7) Concurrent Mark
[2025-05-09T12:38:07.601-0300][371.422s] GC(7) Concurrent Mark From Roots
[2025-05-09T12:38:07.601-0300][371.422s] GC(7) Using 5 workers of 5 for marking
[2025-05-09T12:38:07.603-0300][371.424s] GC(7) Concurrent Mark From Roots 1.703ms
[2025-05-09T12:38:07.603-0300][371.424s] GC(7) Concurrent Preclean
[2025-05-09T12:38:07.603-0300][371.424s] GC(7) Concurrent Preclean 0.086ms
[2025-05-09T12:38:07.603-0300][371.424s] GC(7) Pause Remark
[2025-05-09T12:38:07.604-0300][371.425s] GC(7) Pause Remark 63M->63M(512M) 1.282ms
[2025-05-09T12:38:07.604-0300][371.425s] GC(7) User=0.01s Sys=0.00s Real=0.00s
[2025-05-09T12:38:07.604-0300][371.425s] GC(7) Concurrent Mark 3.155ms
[2025-05-09T12:38:07.604-0300][371.425s] GC(7) Concurrent Rebuild Remembered Sets
[2025-05-09T12:38:07.606-0300][371.427s] GC(7) Concurrent Rebuild Remembered Sets 2.177ms
[2025-05-09T12:38:07.606-0300][371.427s] GC(7) Pause Cleanup
[2025-05-09T12:38:07.606-0300][371.427s] GC(7) Pause Cleanup 63M->63M(512M) 0.071ms
[2025-05-09T12:38:07.606-0300][371.427s] GC(7) User=0.00s Sys=0.00s Real=0.00s
[2025-05-09T12:38:07.606-0300][371.427s] GC(7) Concurrent Cleanup for Next Mark
[2025-05-09T12:38:07.607-0300][371.428s] GC(7) Concurrent Cleanup for Next Mark 0.311ms
[2025-05-09T12:38:07.607-0300][371.428s] GC(7) Concurrent Mark Cycle 9.166ms
[2025-05-09T12:38:07.878-0300][371.699s] Heap
[2025-05-09T12:38:07.878-0300][371.699s]  garbage-first heap   total 524288K, used 85819K [0x00000000e0000000, 0x0000000100000000)
[2025-05-09T12:38:07.878-0300][371.699s]   region size 1024K, 60 young (61440K), 39 survivors (39936K)
[2025-05-09T12:38:07.878-0300][371.699s]  Metaspace       used 60415K, committed 61056K, reserved 1114112K
[2025-05-09T12:38:07.878-0300][371.699s]   class space    used 7656K, committed 8000K, reserved 1048576K
